Archive member included because of file (symbol)

c:/winavr/bin/../lib/gcc/avr/4.3.2/avr4\libgcc.a(_exit.o)
                              c:/winavr/bin/../lib/gcc/avr/4.3.2/../../../../avr/lib/avr4/crtm88.o (exit)
c:/winavr/bin/../lib/gcc/avr/4.3.2/avr4\libgcc.a(_copy_data.o)
                              main.o (__do_copy_data)
c:/winavr/bin/../lib/gcc/avr/4.3.2/avr4\libgcc.a(_clear_bss.o)
                              main.o (__do_clear_bss)
c:/winavr/bin/../lib/gcc/avr/4.3.2/../../../../avr/lib/avr4\libc.a(memcpy.o)
                              main.o (memcpy)

Allocating common symbols
Common symbol       size              file

usbTxBuf            0xb               usbdrv.o
usbTxStatus1        0xc               usbdrv.o
_buffer             0x43              main.o
usbDeviceAddr       0x1               usbdrv.o
usbRxToken          0x1               usbdrv.o
usbInputBufOffset   0x1               usbdrv.o
_bytesRemaining     0x1               main.o
usbMsgPtr           0x2               usbdrv.o
usbRxLen            0x1               usbdrv.o
usbNewDeviceAddr    0x1               usbdrv.o
usbCurrentTok       0x1               usbdrv.o
_currentAddress     0x1               main.o
usbConfiguration    0x1               usbdrv.o
usbRxBuf            0x16              usbdrv.o

Memory Configuration

Name             Origin             Length             Attributes
text             0x00000000         0x00002000         xr
data             0x00800060         0x0000ffa0         rw !x
eeprom           0x00810000         0x00010000         rw !x
fuse             0x00820000         0x00000400         rw !x
lock             0x00830000         0x00000400         rw !x
signature        0x00840000         0x00000400         rw !x
*default*        0x00000000         0xffffffff

Linker script and memory map

Address of section .data set to 0x800100
LOAD c:/winavr/bin/../lib/gcc/avr/4.3.2/../../../../avr/lib/avr4/crtm88.o
Address of section .text set to 0x1800
LOAD main.o
LOAD usbdrv.o
LOAD usbdrvasm.o
LOAD c:/winavr/bin/../lib/gcc/avr/4.3.2/avr4\libgcc.a
LOAD c:/winavr/bin/../lib/gcc/avr/4.3.2/../../../../avr/lib/avr4\libc.a
LOAD c:/winavr/bin/../lib/gcc/avr/4.3.2/avr4\libgcc.a

.hash
 *(.hash)

.dynsym
 *(.dynsym)

.dynstr
 *(.dynstr)

.gnu.version
 *(.gnu.version)

.gnu.version_d
 *(.gnu.version_d)

.gnu.version_r
 *(.gnu.version_r)

.rel.init
 *(.rel.init)

.rela.init
 *(.rela.init)

.rel.text
 *(.rel.text)
 *(.rel.text.*)
 *(.rel.gnu.linkonce.t*)

.rela.text
 *(.rela.text)
 *(.rela.text.*)
 *(.rela.gnu.linkonce.t*)

.rel.fini
 *(.rel.fini)

.rela.fini
 *(.rela.fini)

.rel.rodata
 *(.rel.rodata)
 *(.rel.rodata.*)
 *(.rel.gnu.linkonce.r*)

.rela.rodata
 *(.rela.rodata)
 *(.rela.rodata.*)
 *(.rela.gnu.linkonce.r*)

.rel.data
 *(.rel.data)
 *(.rel.data.*)
 *(.rel.gnu.linkonce.d*)

.rela.data
 *(.rela.data)
 *(.rela.data.*)
 *(.rela.gnu.linkonce.d*)

.rel.ctors
 *(.rel.ctors)

.rela.ctors
 *(.rela.ctors)

.rel.dtors
 *(.rel.dtors)

.rela.dtors
 *(.rela.dtors)

.rel.got
 *(.rel.got)

.rela.got
 *(.rela.got)

.rel.bss
 *(.rel.bss)

.rela.bss
 *(.rela.bss)

.rel.plt
 *(.rel.plt)

.rela.plt
 *(.rela.plt)

.text           0x00001800      0x7ca
 *(.vectors)
 .vectors       0x00001800       0x34 c:/winavr/bin/../lib/gcc/avr/4.3.2/../../../../avr/lib/avr4/crtm88.o
                0x00001800                __vectors
                0x00001800                __vector_default
 *(.vectors)
 *(.progmem.gcc*)
 *(.progmem*)
 .progmem.data  0x00001834       0x59 main.o
                0x00001852                _deviceDescriptor
                0x00001864                _configurationDescriptor
                0x00001834                _bootHidReportDescriptor
 .progmem.data  0x0000188d       0x3a usbdrv.o
                0x0000188d                usbDescriptorString0
                0x00001891                usbDescriptorStringVendor
                0x000018bb                usbDescriptorStringDevice
                0x000018c8                . = ALIGN (0x2)
 *fill*         0x000018c7        0x1 00
                0x000018c8                __trampolines_start = .
 *(.trampolines)
 .trampolines   0x000018c8        0x0 linker stubs
 *(.trampolines*)
                0x000018c8                __trampolines_end = .
 *(.jumptables)
 *(.jumptables*)
 *(.lowtext)
 *(.lowtext*)
                0x000018c8                __ctors_start = .
 *(.ctors)
                0x000018c8                __ctors_end = .
                0x000018c8                __dtors_start = .
 *(.dtors)
                0x000018c8                __dtors_end = .
 SORT(*)(.ctors)
 SORT(*)(.dtors)
 *(.init0)
 .init0         0x000018c8        0x0 c:/winavr/bin/../lib/gcc/avr/4.3.2/../../../../avr/lib/avr4/crtm88.o
                0x000018c8                __init
 *(.init0)
 *(.init1)
 *(.init1)
 *(.init2)
 .init2         0x000018c8        0xc c:/winavr/bin/../lib/gcc/avr/4.3.2/../../../../avr/lib/avr4/crtm88.o
 *(.init2)
 *(.init3)
 *(.init3)
 *(.init4)
 .init4         0x000018d4       0x16 c:/winavr/bin/../lib/gcc/avr/4.3.2/avr4\libgcc.a(_copy_data.o)
                0x000018d4                __do_copy_data
 .init4         0x000018ea       0x10 c:/winavr/bin/../lib/gcc/avr/4.3.2/avr4\libgcc.a(_clear_bss.o)
                0x000018ea                __do_clear_bss
 *(.init4)
 *(.init5)
 *(.init5)
 *(.init6)
 *(.init6)
 *(.init7)
 *(.init7)
 *(.init8)
 *(.init8)
 *(.init9)
 .init9         0x000018fa        0x4 c:/winavr/bin/../lib/gcc/avr/4.3.2/../../../../avr/lib/avr4/crtm88.o
 *(.init9)
 *(.text)
 .text          0x000018fe        0x2 c:/winavr/bin/../lib/gcc/avr/4.3.2/../../../../avr/lib/avr4/crtm88.o
                0x000018fe                __vector_22
                0x000018fe                __vector_24
                0x000018fe                __vector_12
                0x000018fe                __bad_interrupt
                0x000018fe                __vector_6
                0x000018fe                __vector_3
                0x000018fe                __vector_23
                0x000018fe                __vector_25
                0x000018fe                __vector_11
                0x000018fe                __vector_13
                0x000018fe                __vector_17
                0x000018fe                __vector_19
                0x000018fe                __vector_7
                0x000018fe                __vector_5
                0x000018fe                __vector_4
                0x000018fe                __vector_9
                0x000018fe                __vector_2
                0x000018fe                __vector_21
                0x000018fe                __vector_15
                0x000018fe                __vector_8
                0x000018fe                __vector_14
                0x000018fe                __vector_10
                0x000018fe                __vector_16
                0x000018fe                __vector_18
                0x000018fe                __vector_20
 .text          0x00001900      0x1ec main.o
                0x00001970                bootUsbSetup
                0x00001900                usbFunctionDescriptor
                0x0000190a                usbFunctionSetup
                0x00001a24                bootUsbWrite
                0x0000196c                bootUsbRead
                0x000019a6                main
                0x00001928                bootUsbDescriptor
                0x00001914                usbFunctionRead
                0x0000191e                usbFunctionWrite
 .text          0x00001aec      0x268 usbdrv.o
                0x00001b06                usbPoll
                0x00001d12                usbSetInterrupt
                0x00001aec                usbInit
 .text          0x00001d54      0x260 usbdrvasm.o
                0x00001d86                __vector_1
                0x00001d54                usbCrc16
                0x00001d7e                usbCrc16Append
 .text          0x00001fb4        0x0 c:/winavr/bin/../lib/gcc/avr/4.3.2/avr4\libgcc.a(_exit.o)
 .text          0x00001fb4        0x0 c:/winavr/bin/../lib/gcc/avr/4.3.2/avr4\libgcc.a(_copy_data.o)
 .text          0x00001fb4        0x0 c:/winavr/bin/../lib/gcc/avr/4.3.2/avr4\libgcc.a(_clear_bss.o)
 .text          0x00001fb4       0x12 c:/winavr/bin/../lib/gcc/avr/4.3.2/../../../../avr/lib/avr4\libc.a(memcpy.o)
                0x00001fb4                memcpy
                0x00001fc6                . = ALIGN (0x2)
 *(.text.*)
 .text.libgcc   0x00001fc6        0x0 c:/winavr/bin/../lib/gcc/avr/4.3.2/avr4\libgcc.a(_exit.o)
 .text.libgcc   0x00001fc6        0x0 c:/winavr/bin/../lib/gcc/avr/4.3.2/avr4\libgcc.a(_copy_data.o)
 .text.libgcc   0x00001fc6        0x0 c:/winavr/bin/../lib/gcc/avr/4.3.2/avr4\libgcc.a(_clear_bss.o)
                0x00001fc6                . = ALIGN (0x2)
 *(.fini9)
 .fini9         0x00001fc6        0x0 c:/winavr/bin/../lib/gcc/avr/4.3.2/avr4\libgcc.a(_exit.o)
                0x00001fc6                exit
                0x00001fc6                _exit
 *(.fini9)
 *(.fini8)
 *(.fini8)
 *(.fini7)
 *(.fini7)
 *(.fini6)
 *(.fini6)
 *(.fini5)
 *(.fini5)
 *(.fini4)
 *(.fini4)
 *(.fini3)
 *(.fini3)
 *(.fini2)
 *(.fini2)
 *(.fini1)
 *(.fini1)
 *(.fini0)
 .fini0         0x00001fc6        0x4 c:/winavr/bin/../lib/gcc/avr/4.3.2/avr4\libgcc.a(_exit.o)
 *(.fini0)
                0x00001fca                _etext = .

.data           0x00800100       0x10 load address 0x00001fca
                0x00800100                PROVIDE (__data_start, .)
 *(.data)
 .data          0x00800100        0x0 c:/winavr/bin/../lib/gcc/avr/4.3.2/../../../../avr/lib/avr4/crtm88.o
 .data          0x00800100        0xe main.o
                0x00800106                _functionTable
                0x00800100                _blinfo
 .data          0x0080010e        0x2 usbdrv.o
                0x0080010e                usbTxLen
 .data          0x00800110        0x0 usbdrvasm.o
 .data          0x00800110        0x0 c:/winavr/bin/../lib/gcc/avr/4.3.2/avr4\libgcc.a(_exit.o)
 .data          0x00800110        0x0 c:/winavr/bin/../lib/gcc/avr/4.3.2/avr4\libgcc.a(_copy_data.o)
 .data          0x00800110        0x0 c:/winavr/bin/../lib/gcc/avr/4.3.2/avr4\libgcc.a(_clear_bss.o)
 .data          0x00800110        0x0 c:/winavr/bin/../lib/gcc/avr/4.3.2/../../../../avr/lib/avr4\libc.a(memcpy.o)
 *(.data*)
 *(.rodata)
 *(.rodata*)
 *(.gnu.linkonce.d*)
                0x00800110                . = ALIGN (0x2)
                0x00800110                _edata = .
                0x00800110                PROVIDE (__data_end, .)

.bss            0x00800110       0x7d
                0x00800110                PROVIDE (__bss_start, .)
 *(.bss)
 .bss           0x00800110        0x0 c:/winavr/bin/../lib/gcc/avr/4.3.2/../../../../avr/lib/avr4/crtm88.o
 .bss           0x00800110        0x1 main.o
                0x00800110                _exitBootloader
 .bss           0x00800111        0x1 usbdrv.o
 .bss           0x00800112        0x0 usbdrvasm.o
 .bss           0x00800112        0x0 c:/winavr/bin/../lib/gcc/avr/4.3.2/avr4\libgcc.a(_exit.o)
 .bss           0x00800112        0x0 c:/winavr/bin/../lib/gcc/avr/4.3.2/avr4\libgcc.a(_copy_data.o)
 .bss           0x00800112        0x0 c:/winavr/bin/../lib/gcc/avr/4.3.2/avr4\libgcc.a(_clear_bss.o)
 .bss           0x00800112        0x0 c:/winavr/bin/../lib/gcc/avr/4.3.2/../../../../avr/lib/avr4\libc.a(memcpy.o)
 *(.bss*)
 *(COMMON)
 COMMON         0x00800112       0x45 main.o
                0x00800112                _buffer
                0x00800155                _bytesRemaining
                0x00800156                _currentAddress
 COMMON         0x00800157       0x36 usbdrv.o
                0x00800157                usbTxBuf
                0x00800162                usbTxStatus1
                0x0080016e                usbDeviceAddr
                0x0080016f                usbRxToken
                0x00800170                usbInputBufOffset
                0x00800171                usbMsgPtr
                0x00800173                usbRxLen
                0x00800174                usbNewDeviceAddr
                0x00800175                usbCurrentTok
                0x00800176                usbConfiguration
                0x00800177                usbRxBuf
                0x0080018d                PROVIDE (__bss_end, .)
                0x00001fca                __data_load_start = LOADADDR (.data)
                0x00001fda                __data_load_end = (__data_load_start + SIZEOF (.data))

.noinit         0x0080018d        0x0
                0x0080018d                PROVIDE (__noinit_start, .)
 *(.noinit*)
                0x0080018d                PROVIDE (__noinit_end, .)
                0x0080018d                _end = .
                0x0080018d                PROVIDE (__heap_start, .)

.eeprom         0x00810000        0x0
 *(.eeprom*)
                0x00810000                __eeprom_end = .

.fuse
 *(.fuse)
 *(.lfuse)
 *(.hfuse)
 *(.efuse)

.lock
 *(.lock*)

.signature
 *(.signature*)

.stab
 *(.stab)

.stabstr
 *(.stabstr)

.stab.excl
 *(.stab.excl)

.stab.exclstr
 *(.stab.exclstr)

.stab.index
 *(.stab.index)

.stab.indexstr
 *(.stab.indexstr)

.comment
 *(.comment)

.debug
 *(.debug)

.line
 *(.line)

.debug_srcinfo
 *(.debug_srcinfo)

.debug_sfnames
 *(.debug_sfnames)

.debug_aranges  0x00000000       0x40
 *(.debug_aranges)
 .debug_aranges
                0x00000000       0x20 main.o
 .debug_aranges
                0x00000020       0x20 usbdrv.o

.debug_pubnames
                0x00000000      0x2cb
 *(.debug_pubnames)
 .debug_pubnames
                0x00000000      0x172 main.o
 .debug_pubnames
                0x00000172      0x159 usbdrv.o

.debug_info     0x00000000      0xe30
 *(.debug_info)
 .debug_info    0x00000000      0x587 main.o
 .debug_info    0x00000587      0x8a9 usbdrv.o
 *(.gnu.linkonce.wi.*)

.debug_abbrev   0x00000000      0x49c
 *(.debug_abbrev)
 .debug_abbrev  0x00000000      0x1ff main.o
 .debug_abbrev  0x000001ff      0x29d usbdrv.o

.debug_line     0x00000000      0x729
 *(.debug_line)
 .debug_line    0x00000000      0x396 main.o
 .debug_line    0x00000396      0x393 usbdrv.o

.debug_frame    0x00000000       0xe0
 *(.debug_frame)
 .debug_frame   0x00000000       0xa0 main.o
 .debug_frame   0x000000a0       0x40 usbdrv.o

.debug_str      0x00000000      0x52c
 *(.debug_str)
 .debug_str     0x00000000      0x269 main.o
                                0x2b4 (size before relaxing)
 .debug_str     0x00000269      0x2c3 usbdrv.o
                                0x3e8 (size before relaxing)

.debug_loc      0x00000000      0x460
 *(.debug_loc)
 .debug_loc     0x00000000      0x175 main.o
 .debug_loc     0x00000175      0x2eb usbdrv.o

.debug_macinfo
 *(.debug_macinfo)
OUTPUT(hidboot.elf elf32-avr)
LOAD linker stubs

.debug_ranges   0x00000000       0x50
 .debug_ranges  0x00000000       0x50 usbdrv.o
